###############################################################################
#
# IAR ELF Linker V9.30.1.335/W64 for ARM                  03/Aug/2025  16:35:29
# Copyright 2007-2022 IAR Systems AB.
#
#    Output file  =
#        D:\Projects\RCWheelBalancer\firmware\WheelBalancer\Debug\Exe\WheelBalancer.out
#    Map file     =
#        D:\Projects\RCWheelBalancer\firmware\WheelBalancer\Debug\List\WheelBalancer.map
#    Command line =
#        -f
#        D:\Projects\RCWheelBalancer\firmware\WheelBalancer\Debug\Exe\WheelBalancer.out.rsp
#        (D:\Projects\RCWheelBalancer\firmware\WheelBalancer\Debug\Obj\src\main.o
#        D:\Projects\RCWheelBalancer\firmware\WheelBalancer\Debug\Obj\drivers\CMSIS\device\STM32F1xx\iar\startup_stm32f103x6.o
#        D:\Projects\RCWheelBalancer\firmware\WheelBalancer\Debug\Obj\drivers\HAL\stm32f1xx_hal.o
#        D:\Projects\RCWheelBalancer\firmware\WheelBalancer\Debug\Obj\drivers\HAL\stm32f1xx_hal_adc.o
#        D:\Projects\RCWheelBalancer\firmware\WheelBalancer\Debug\Obj\drivers\HAL\stm32f1xx_hal_adc_ex.o
#        D:\Projects\RCWheelBalancer\firmware\WheelBalancer\Debug\Obj\drivers\HAL\legacy\stm32f1xx_hal_can.o
#        D:\Projects\RCWheelBalancer\firmware\WheelBalancer\Debug\Obj\drivers\HAL\stm32f1xx_hal_can.o
#        D:\Projects\RCWheelBalancer\firmware\WheelBalancer\Debug\Obj\drivers\HAL\stm32f1xx_hal_cec.o
#        D:\Projects\RCWheelBalancer\firmware\WheelBalancer\Debug\Obj\drivers\HAL\stm32f1xx_hal_cortex.o
#        D:\Projects\RCWheelBalancer\firmware\WheelBalancer\Debug\Obj\drivers\HAL\stm32f1xx_hal_crc.o
#        D:\Projects\RCWheelBalancer\firmware\WheelBalancer\Debug\Obj\drivers\HAL\stm32f1xx_hal_dac.o
#        D:\Projects\RCWheelBalancer\firmware\WheelBalancer\Debug\Obj\drivers\HAL\stm32f1xx_hal_dac_ex.o
#        D:\Projects\RCWheelBalancer\firmware\WheelBalancer\Debug\Obj\drivers\HAL\stm32f1xx_hal_dma.o
#        D:\Projects\RCWheelBalancer\firmware\WheelBalancer\Debug\Obj\drivers\HAL\stm32f1xx_hal_eth.o
#        D:\Projects\RCWheelBalancer\firmware\WheelBalancer\Debug\Obj\drivers\HAL\stm32f1xx_hal_exti.o
#        D:\Projects\RCWheelBalancer\firmware\WheelBalancer\Debug\Obj\drivers\HAL\stm32f1xx_hal_flash.o
#        D:\Projects\RCWheelBalancer\firmware\WheelBalancer\Debug\Obj\drivers\HAL\stm32f1xx_hal_flash_ex.o
#        D:\Projects\RCWheelBalancer\firmware\WheelBalancer\Debug\Obj\drivers\HAL\stm32f1xx_hal_gpio.o
#        D:\Projects\RCWheelBalancer\firmware\WheelBalancer\Debug\Obj\drivers\HAL\stm32f1xx_hal_gpio_ex.o
#        D:\Projects\RCWheelBalancer\firmware\WheelBalancer\Debug\Obj\drivers\HAL\stm32f1xx_hal_hcd.o
#        D:\Projects\RCWheelBalancer\firmware\WheelBalancer\Debug\Obj\drivers\HAL\stm32f1xx_hal_i2c.o
#        D:\Projects\RCWheelBalancer\firmware\WheelBalancer\Debug\Obj\drivers\HAL\stm32f1xx_hal_i2s.o
#        D:\Projects\RCWheelBalancer\firmware\WheelBalancer\Debug\Obj\drivers\HAL\stm32f1xx_hal_irda.o
#        D:\Projects\RCWheelBalancer\firmware\WheelBalancer\Debug\Obj\drivers\HAL\stm32f1xx_hal_iwdg.o
#        D:\Projects\RCWheelBalancer\firmware\WheelBalancer\Debug\Obj\drivers\HAL\stm32f1xx_hal_mmc.o
#        D:\Projects\RCWheelBalancer\firmware\WheelBalancer\Debug\Obj\drivers\HAL\stm32f1xx_hal_nand.o
#        D:\Projects\RCWheelBalancer\firmware\WheelBalancer\Debug\Obj\drivers\HAL\stm32f1xx_hal_nor.o
#        D:\Projects\RCWheelBalancer\firmware\WheelBalancer\Debug\Obj\drivers\HAL\stm32f1xx_hal_pccard.o
#        D:\Projects\RCWheelBalancer\firmware\WheelBalancer\Debug\Obj\drivers\HAL\stm32f1xx_hal_pcd.o
#        D:\Projects\RCWheelBalancer\firmware\WheelBalancer\Debug\Obj\drivers\HAL\stm32f1xx_hal_pcd_ex.o
#        D:\Projects\RCWheelBalancer\firmware\WheelBalancer\Debug\Obj\drivers\HAL\stm32f1xx_hal_pwr.o
#        D:\Projects\RCWheelBalancer\firmware\WheelBalancer\Debug\Obj\drivers\HAL\stm32f1xx_hal_rcc.o
#        D:\Projects\RCWheelBalancer\firmware\WheelBalancer\Debug\Obj\drivers\HAL\stm32f1xx_hal_rcc_ex.o
#        D:\Projects\RCWheelBalancer\firmware\WheelBalancer\Debug\Obj\drivers\HAL\stm32f1xx_hal_rtc.o
#        D:\Projects\RCWheelBalancer\firmware\WheelBalancer\Debug\Obj\drivers\HAL\stm32f1xx_hal_rtc_ex.o
#        D:\Projects\RCWheelBalancer\firmware\WheelBalancer\Debug\Obj\drivers\HAL\stm32f1xx_hal_sd.o
#        D:\Projects\RCWheelBalancer\firmware\WheelBalancer\Debug\Obj\drivers\HAL\stm32f1xx_hal_smartcard.o
#        D:\Projects\RCWheelBalancer\firmware\WheelBalancer\Debug\Obj\drivers\HAL\stm32f1xx_hal_spi.o
#        D:\Projects\RCWheelBalancer\firmware\WheelBalancer\Debug\Obj\drivers\HAL\stm32f1xx_hal_sram.o
#        D:\Projects\RCWheelBalancer\firmware\WheelBalancer\Debug\Obj\drivers\HAL\stm32f1xx_hal_tim.o
#        D:\Projects\RCWheelBalancer\firmware\WheelBalancer\Debug\Obj\drivers\HAL\stm32f1xx_hal_tim_ex.o
#        D:\Projects\RCWheelBalancer\firmware\WheelBalancer\Debug\Obj\drivers\HAL\stm32f1xx_hal_uart.o
#        D:\Projects\RCWheelBalancer\firmware\WheelBalancer\Debug\Obj\drivers\HAL\stm32f1xx_hal_usart.o
#        D:\Projects\RCWheelBalancer\firmware\WheelBalancer\Debug\Obj\drivers\HAL\stm32f1xx_hal_wwdg.o
#        D:\Projects\RCWheelBalancer\firmware\WheelBalancer\Debug\Obj\drivers\HAL\stm32f1xx_ll_adc.o
#        D:\Projects\RCWheelBalancer\firmware\WheelBalancer\Debug\Obj\drivers\HAL\stm32f1xx_ll_crc.o
#        D:\Projects\RCWheelBalancer\firmware\WheelBalancer\Debug\Obj\drivers\HAL\stm32f1xx_ll_dac.o
#        D:\Projects\RCWheelBalancer\firmware\WheelBalancer\Debug\Obj\drivers\HAL\stm32f1xx_ll_dma.o
#        D:\Projects\RCWheelBalancer\firmware\WheelBalancer\Debug\Obj\drivers\HAL\stm32f1xx_ll_exti.o
#        D:\Projects\RCWheelBalancer\firmware\WheelBalancer\Debug\Obj\drivers\HAL\stm32f1xx_ll_fsmc.o
#        D:\Projects\RCWheelBalancer\firmware\WheelBalancer\Debug\Obj\drivers\HAL\stm32f1xx_ll_gpio.o
#        D:\Projects\RCWheelBalancer\firmware\WheelBalancer\Debug\Obj\drivers\HAL\stm32f1xx_ll_i2c.o
#        D:\Projects\RCWheelBalancer\firmware\WheelBalancer\Debug\Obj\drivers\HAL\stm32f1xx_ll_pwr.o
#        D:\Projects\RCWheelBalancer\firmware\WheelBalancer\Debug\Obj\drivers\HAL\stm32f1xx_ll_rcc.o
#        D:\Projects\RCWheelBalancer\firmware\WheelBalancer\Debug\Obj\drivers\HAL\stm32f1xx_ll_rtc.o
#        D:\Projects\RCWheelBalancer\firmware\WheelBalancer\Debug\Obj\drivers\HAL\stm32f1xx_ll_sdmmc.o
#        D:\Projects\RCWheelBalancer\firmware\WheelBalancer\Debug\Obj\drivers\HAL\stm32f1xx_ll_spi.o
#        D:\Projects\RCWheelBalancer\firmware\WheelBalancer\Debug\Obj\drivers\HAL\stm32f1xx_ll_tim.o
#        D:\Projects\RCWheelBalancer\firmware\WheelBalancer\Debug\Obj\drivers\HAL\stm32f1xx_ll_usart.o
#        D:\Projects\RCWheelBalancer\firmware\WheelBalancer\Debug\Obj\drivers\HAL\stm32f1xx_ll_usb.o
#        D:\Projects\RCWheelBalancer\firmware\WheelBalancer\Debug\Obj\drivers\HAL\stm32f1xx_ll_utils.o
#        D:\Projects\RCWheelBalancer\firmware\WheelBalancer\Debug\Obj\drivers\CMSIS\device\STM32F1xx\system_stm32f1xx.o
#        D:\Projects\RCWheelBalancer\firmware\WheelBalancer\Debug\Obj\drivers\systimer.o
#        --no_out_extension -o
#        D:\Projects\RCWheelBalancer\firmware\WheelBalancer\Debug\Exe\WheelBalancer.out
#        --redirect _Printf=_PrintfFullNoMb --redirect _Scanf=_ScanfFullNoMb
#        --map
#        D:\Projects\RCWheelBalancer\firmware\WheelBalancer\Debug\List\WheelBalancer.map
#        --config
#        D:\Projects\RCWheelBalancer\firmware\WheelBalancer\drivers\CMSIS\device\STM32F1xx\iar\linker\stm32f103x6_flash.icf
#        --semihosting --entry __iar_program_start --vfe --text_out locale
#        --cpu=Cortex-M3 --fpu=None)
#
###############################################################################

*******************************************************************************
*** RUNTIME MODEL ATTRIBUTES
***

CppFlavor       = *
__CPP_Runtime   = 1
__SystemLibrary = DLib
__dlib_version  = 6


*******************************************************************************
*** HEAP SELECTION
***

The basic heap was selected because --advanced_heap
was not specified and the application did not appear to
be primarily optimized for speed.


*******************************************************************************
*** PLACEMENT SUMMARY
***

"A0":  place at address 0x800'0000 { ro section .intvec };
"P1":  place in [from 0x800'0000 to 0x800'7fff] { ro };
define block CSTACK with size = 1K, alignment = 8 { };
define block HEAP with size = 512, alignment = 8 { };
"P2":  place in [from 0x2000'0000 to 0x2000'27ff] {
          rw, block CSTACK, block HEAP };
initialize by copy { rw };

  Section            Kind         Address   Size  Object
  -------            ----         -------   ----  ------
"A0":                                       0xec
  .intvec            ro code   0x800'0000   0xec  startup_stm32f103x6.o [3]
                             - 0x800'00ec   0xec

"P1":                                      0xace
  .text              ro code   0x800'00ec  0x614  stm32f1xx_hal_rcc.o [4]
  .text              ro code   0x800'0700    0xc  stm32f1xx_hal.o [4]
  .text              ro code   0x800'070c   0x4c  stm32f1xx_hal.o [4]
  .text              ro code   0x800'0758   0xf4  stm32f1xx_hal_cortex.o [4]
  .text              ro code   0x800'084c   0xa8  main.o [6]
  .text              ro code   0x800'08f4   0x80  systimer.o [1]
  .text              ro code   0x800'0974   0x14  memset.o [8]
  .text              ro code   0x800'0988   0x66  ABImemset.o [8]
  .text              ro code   0x800'09ee   0x2a  copy_init3.o [8]
  .text              ro code   0x800'0a18   0x28  data_init.o [8]
  .iar.init_table    const     0x800'0a40   0x14  - Linker created -
  .text              ro code   0x800'0a54   0x1e  cmain.o [8]
  .text              ro code   0x800'0a72    0x4  low_level_init.o [7]
  .text              ro code   0x800'0a76    0x4  exit.o [7]
  .rodata            const     0x800'0a7a    0x2  stm32f1xx_hal_rcc.o [4]
  .text              ro code   0x800'0a7c    0xa  cexit.o [8]
  .text              ro code   0x800'0a88   0x14  exit.o [9]
  .text              ro code   0x800'0a9c   0x1c  cstartup_M.o [8]
  Initializer bytes  const     0x800'0ab8   0x18  <for P2-1>
  .rodata            const     0x800'0ad0   0x10  stm32f1xx_hal_rcc.o [4]
  .rodata            const     0x800'0ae0   0x10  system_stm32f1xx.o [2]
  .text              ro code   0x800'0af0   0x10  startup_stm32f103x6.o [3]
  .text              ro code   0x800'0b00    0x4  startup_stm32f103x6.o [3]
  .text              ro code   0x800'0b04    0x4  startup_stm32f103x6.o [3]
  .text              ro code   0x800'0b08    0x4  startup_stm32f103x6.o [3]
  .text              ro code   0x800'0b0c    0x4  startup_stm32f103x6.o [3]
  .text              ro code   0x800'0b10    0x4  startup_stm32f103x6.o [3]
  .text              ro code   0x800'0b14    0x4  startup_stm32f103x6.o [3]
  .text              ro code   0x800'0b18    0x4  startup_stm32f103x6.o [3]
  .text              ro code   0x800'0b1c    0x4  startup_stm32f103x6.o [3]
  .text              ro code   0x800'0b20    0x4  startup_stm32f103x6.o [3]
  .text              ro code   0x800'0b24    0x4  startup_stm32f103x6.o [3]
  .text              ro code   0x800'0b28    0x4  startup_stm32f103x6.o [3]
  .text              ro code   0x800'0b2c    0x4  startup_stm32f103x6.o [3]
  .text              ro code   0x800'0b30    0x4  startup_stm32f103x6.o [3]
  .text              ro code   0x800'0b34    0x4  startup_stm32f103x6.o [3]
  .text              ro code   0x800'0b38    0x4  startup_stm32f103x6.o [3]
  .text              ro code   0x800'0b3c    0x4  startup_stm32f103x6.o [3]
  .text              ro code   0x800'0b40    0x4  startup_stm32f103x6.o [3]
  .text              ro code   0x800'0b44    0x4  startup_stm32f103x6.o [3]
  .text              ro code   0x800'0b48    0x4  startup_stm32f103x6.o [3]
  .text              ro code   0x800'0b4c    0x4  startup_stm32f103x6.o [3]
  .text              ro code   0x800'0b50    0x4  startup_stm32f103x6.o [3]
  .text              ro code   0x800'0b54    0x4  startup_stm32f103x6.o [3]
  .text              ro code   0x800'0b58    0x4  startup_stm32f103x6.o [3]
  .text              ro code   0x800'0b5c    0x4  startup_stm32f103x6.o [3]
  .text              ro code   0x800'0b60    0x4  startup_stm32f103x6.o [3]
  .text              ro code   0x800'0b64    0x4  startup_stm32f103x6.o [3]
  .text              ro code   0x800'0b68    0x4  startup_stm32f103x6.o [3]
  .text              ro code   0x800'0b6c    0x4  startup_stm32f103x6.o [3]
  .text              ro code   0x800'0b70    0x4  startup_stm32f103x6.o [3]
  .text              ro code   0x800'0b74    0x4  startup_stm32f103x6.o [3]
  .text              ro code   0x800'0b78    0x4  startup_stm32f103x6.o [3]
  .text              ro code   0x800'0b7c    0x4  startup_stm32f103x6.o [3]
  .text              ro code   0x800'0b80    0x4  startup_stm32f103x6.o [3]
  .text              ro code   0x800'0b84    0x4  startup_stm32f103x6.o [3]
  .text              ro code   0x800'0b88    0x4  startup_stm32f103x6.o [3]
  .text              ro code   0x800'0b8c    0x4  startup_stm32f103x6.o [3]
  .text              ro code   0x800'0b90    0x4  startup_stm32f103x6.o [3]
  .text              ro code   0x800'0b94    0x4  startup_stm32f103x6.o [3]
  .text              ro code   0x800'0b98    0x4  startup_stm32f103x6.o [3]
  .text              ro code   0x800'0b9c    0x4  startup_stm32f103x6.o [3]
  .text              ro code   0x800'0ba0    0x4  startup_stm32f103x6.o [3]
  .text              ro code   0x800'0ba4    0x4  startup_stm32f103x6.o [3]
  .text              ro code   0x800'0ba8    0x4  startup_stm32f103x6.o [3]
  .text              ro code   0x800'0bac    0x4  startup_stm32f103x6.o [3]
  .text              ro code   0x800'0bb0    0x4  startup_stm32f103x6.o [3]
  .text              ro code   0x800'0bb4    0x4  startup_stm32f103x6.o [3]
  .text              ro code   0x800'0bb8    0x2  system_stm32f1xx.o [2]
  .rodata            const     0x800'0bba    0x0  copy_init3.o [8]
                             - 0x800'0bba  0xace

"P2", part 1 of 2:                          0x18
  P2-1                        0x2000'0000   0x15  <Init block>
    .bss             inited   0x2000'0000    0x8  systimer.o [1]
    .data            inited   0x2000'0008    0x4  stm32f1xx_hal.o [4]
    .data            inited   0x2000'000c    0x4  system_stm32f1xx.o [2]
    .bss             inited   0x2000'0010    0x4  stm32f1xx_hal.o [4]
    .data            inited   0x2000'0014    0x1  stm32f1xx_hal.o [4]
                            - 0x2000'0015   0x15

"P2", part 2 of 2:                         0x400
  CSTACK                      0x2000'0018  0x400  <Block>
    CSTACK           uninit   0x2000'0018  0x400  <Block tail>
                            - 0x2000'0418  0x400

Unused ranges:

         From           To    Size
         ----           --    ----
   0x800'0bba   0x800'7fff  0x7446
  0x2000'0418  0x2000'27ff  0x23e8


*******************************************************************************
*** INIT TABLE
***

          Address      Size
          -------      ----
Copy (__iar_copy_init3)
    1 source range, total size 0x18 (114% of destination):
           0x800'0ab8  0x18
    1 destination range, total size 0x15:
          0x2000'0000  0x15



*******************************************************************************
*** MODULE SUMMARY
***

    Module                  ro code  ro data  rw data
    ------                  -------  -------  -------
command line/config:
    -------------------------------------------------
    Total:

D:\Projects\RCWheelBalancer\firmware\WheelBalancer\Debug\Obj\drivers: [1]
    systimer.o                  128        8        8
    -------------------------------------------------
    Total:                      128        8        8

D:\Projects\RCWheelBalancer\firmware\WheelBalancer\Debug\Obj\drivers\CMSIS\device\STM32F1xx: [2]
    system_stm32f1xx.o            2       20        4
    -------------------------------------------------
    Total:                        2       20        4

D:\Projects\RCWheelBalancer\firmware\WheelBalancer\Debug\Obj\drivers\CMSIS\device\STM32F1xx\iar: [3]
    startup_stm32f103x6.o       436
    -------------------------------------------------
    Total:                      436

D:\Projects\RCWheelBalancer\firmware\WheelBalancer\Debug\Obj\drivers\HAL: [4]
    stm32f1xx_hal.o              88        9        9
    stm32f1xx_hal_cortex.o      244
    stm32f1xx_hal_rcc.o       1'556       18
    -------------------------------------------------
    Total:                    1'888       27        9

D:\Projects\RCWheelBalancer\firmware\WheelBalancer\Debug\Obj\drivers\HAL\legacy: [5]
    -------------------------------------------------
    Total:

D:\Projects\RCWheelBalancer\firmware\WheelBalancer\Debug\Obj\src: [6]
    main.o                      168
    -------------------------------------------------
    Total:                      168

dl7M_tln.a: [7]
    exit.o                        4
    low_level_init.o              4
    -------------------------------------------------
    Total:                        8

rt7M_tl.a: [8]
    ABImemset.o                 102
    cexit.o                      10
    cmain.o                      30
    copy_init3.o                 42
    cstartup_M.o                 28
    data_init.o                  40
    memset.o                     20
    -------------------------------------------------
    Total:                      272

shb_l.a: [9]
    exit.o                       20
    -------------------------------------------------
    Total:                       20

    Gaps                          2
    Linker created                        23    1'024
-----------------------------------------------------
    Grand Total:              2'924       78    1'045


*******************************************************************************
*** ENTRY LIST
***

Entry                       Address   Size  Type      Object
-----                       -------   ----  ----      ------
.iar.init_table$$Base    0x800'0a40          --   Gb  - Linker created -
.iar.init_table$$Limit   0x800'0a54          --   Gb  - Linker created -
?main                    0x800'0a55         Code  Gb  cmain.o [8]
ADC1_2_IRQHandler        0x800'0b69         Code  Wk  startup_stm32f103x6.o [3]
AHBPrescTable            0x800'0ae0   0x10  Data  Gb  system_stm32f1xx.o [2]
BusFault_Handler         0x800'0b0d         Code  Wk  startup_stm32f103x6.o [3]
CAN1_RX1_IRQHandler      0x800'0b75         Code  Wk  startup_stm32f103x6.o [3]
CAN1_SCE_IRQHandler      0x800'0b79         Code  Wk  startup_stm32f103x6.o [3]
CSTACK$$Base            0x2000'0018          --   Gb  - Linker created -
CSTACK$$Limit           0x2000'0418          --   Gb  - Linker created -
DMA1_Channel1_IRQHandler
                         0x800'0b4d         Code  Wk  startup_stm32f103x6.o [3]
DMA1_Channel2_IRQHandler
                         0x800'0b51         Code  Wk  startup_stm32f103x6.o [3]
DMA1_Channel3_IRQHandler
                         0x800'0b55         Code  Wk  startup_stm32f103x6.o [3]
DMA1_Channel4_IRQHandler
                         0x800'0b59         Code  Wk  startup_stm32f103x6.o [3]
DMA1_Channel5_IRQHandler
                         0x800'0b5d         Code  Wk  startup_stm32f103x6.o [3]
DMA1_Channel6_IRQHandler
                         0x800'0b61         Code  Wk  startup_stm32f103x6.o [3]
DMA1_Channel7_IRQHandler
                         0x800'0b65         Code  Wk  startup_stm32f103x6.o [3]
DebugMon_Handler         0x800'0b19         Code  Wk  startup_stm32f103x6.o [3]
EXTI0_IRQHandler         0x800'0b39         Code  Wk  startup_stm32f103x6.o [3]
EXTI15_10_IRQHandler     0x800'0bad         Code  Wk  startup_stm32f103x6.o [3]
EXTI1_IRQHandler         0x800'0b3d         Code  Wk  startup_stm32f103x6.o [3]
EXTI2_IRQHandler         0x800'0b41         Code  Wk  startup_stm32f103x6.o [3]
EXTI3_IRQHandler         0x800'0b45         Code  Wk  startup_stm32f103x6.o [3]
EXTI4_IRQHandler         0x800'0b49         Code  Wk  startup_stm32f103x6.o [3]
EXTI9_5_IRQHandler       0x800'0b7d         Code  Wk  startup_stm32f103x6.o [3]
FLASH_IRQHandler         0x800'0b31         Code  Wk  startup_stm32f103x6.o [3]
HAL_GetTick              0x800'0701    0xc  Code  Wk  stm32f1xx_hal.o [4]
HAL_InitTick             0x800'070d   0x4c  Code  Wk  stm32f1xx_hal.o [4]
HAL_NVIC_SetPriority     0x800'07ff   0x2a  Code  Gb  stm32f1xx_hal_cortex.o [4]
HAL_RCC_ClockConfig      0x800'04ed  0x14c  Code  Gb  stm32f1xx_hal_rcc.o [4]
HAL_RCC_GetSysClockFreq
                         0x800'0639   0x5c  Code  Gb  stm32f1xx_hal_rcc.o [4]
HAL_RCC_GetSysClockFreq::aPLLMULFactorTable
                         0x800'0ad0   0x10  Data  Lc  stm32f1xx_hal_rcc.o [4]
HAL_RCC_GetSysClockFreq::aPredivFactorTable
                         0x800'0a7a    0x2  Data  Lc  stm32f1xx_hal_rcc.o [4]
HAL_RCC_OscConfig        0x800'00ed  0x400  Code  Gb  stm32f1xx_hal_rcc.o [4]
HAL_SYSTICK_Config       0x800'0829    0xc  Code  Gb  stm32f1xx_hal_cortex.o [4]
HardFault_Handler        0x800'0b05         Code  Wk  startup_stm32f103x6.o [3]
I2C1_ER_IRQHandler       0x800'0b9d         Code  Wk  startup_stm32f103x6.o [3]
I2C1_EV_IRQHandler       0x800'0b99         Code  Wk  startup_stm32f103x6.o [3]
MemManage_Handler        0x800'0b09         Code  Wk  startup_stm32f103x6.o [3]
NMI_Handler              0x800'0b01         Code  Wk  startup_stm32f103x6.o [3]
NVIC_EncodePriority      0x800'078f   0x40  Code  Lc  stm32f1xx_hal_cortex.o [4]
PVD_IRQHandler           0x800'0b25         Code  Wk  startup_stm32f103x6.o [3]
PendSV_Handler           0x800'0b1d         Code  Wk  startup_stm32f103x6.o [3]
RCC_Delay                0x800'0695   0x26  Code  Lc  stm32f1xx_hal_rcc.o [4]
RCC_IRQHandler           0x800'0b35         Code  Wk  startup_stm32f103x6.o [3]
RTC_Alarm_IRQHandler     0x800'0bb1         Code  Wk  startup_stm32f103x6.o [3]
RTC_IRQHandler           0x800'0b2d         Code  Wk  startup_stm32f103x6.o [3]
Region$$Table$$Base      0x800'0a40          --   Gb  - Linker created -
Region$$Table$$Limit     0x800'0a54          --   Gb  - Linker created -
Reset_Handler            0x800'0af1         Code  Wk  startup_stm32f103x6.o [3]
SPI1_IRQHandler          0x800'0ba1         Code  Wk  startup_stm32f103x6.o [3]
SVC_Handler              0x800'0b15         Code  Wk  startup_stm32f103x6.o [3]
SysTick_Config           0x800'07cf   0x30  Code  Lc  stm32f1xx_hal_cortex.o [4]
SysTick_Handler          0x800'094b   0x12  Code  Gb  systimer.o [1]
SystemCoreClock         0x2000'000c    0x4  Data  Gb  system_stm32f1xx.o [2]
SystemInit               0x800'0bb9    0x2  Code  Gb  system_stm32f1xx.o [2]
TAMPER_IRQHandler        0x800'0b29         Code  Wk  startup_stm32f103x6.o [3]
TIM1_BRK_IRQHandler      0x800'0b81         Code  Wk  startup_stm32f103x6.o [3]
TIM1_CC_IRQHandler       0x800'0b8d         Code  Wk  startup_stm32f103x6.o [3]
TIM1_TRG_COM_IRQHandler
                         0x800'0b89         Code  Wk  startup_stm32f103x6.o [3]
TIM1_UP_IRQHandler       0x800'0b85         Code  Wk  startup_stm32f103x6.o [3]
TIM2_IRQHandler          0x800'0b91         Code  Wk  startup_stm32f103x6.o [3]
TIM3_IRQHandler          0x800'0b95         Code  Wk  startup_stm32f103x6.o [3]
USART1_IRQHandler        0x800'0ba5         Code  Wk  startup_stm32f103x6.o [3]
USART2_IRQHandler        0x800'0ba9         Code  Wk  startup_stm32f103x6.o [3]
USBWakeUp_IRQHandler     0x800'0bb5         Code  Wk  startup_stm32f103x6.o [3]
USB_HP_CAN1_TX_IRQHandler
                         0x800'0b6d         Code  Wk  startup_stm32f103x6.o [3]
USB_LP_CAN1_RX0_IRQHandler
                         0x800'0b71         Code  Wk  startup_stm32f103x6.o [3]
UsageFault_Handler       0x800'0b11         Code  Wk  startup_stm32f103x6.o [3]
WWDG_IRQHandler          0x800'0b21         Code  Wk  startup_stm32f103x6.o [3]
__NVIC_EnableIRQ         0x800'08f5   0x1e  Code  Lc  systimer.o [1]
__NVIC_GetPriorityGrouping
                         0x800'0759    0xa  Code  Lc  stm32f1xx_hal_cortex.o [4]
__NVIC_SetPriority       0x800'0763   0x2c  Code  Lc  stm32f1xx_hal_cortex.o [4]
__aeabi_memset           0x800'0989         Code  Gb  ABImemset.o [8]
__cmain                  0x800'0a55         Code  Gb  cmain.o [8]
__exit                   0x800'0a89   0x14  Code  Gb  exit.o [9]
__iar_Memset             0x800'0989         Code  Gb  ABImemset.o [8]
__iar_Memset_word        0x800'0991         Code  Gb  ABImemset.o [8]
__iar_copy_init3         0x800'09ef   0x2a  Code  Gb  copy_init3.o [8]
__iar_data_init3         0x800'0a19   0x28  Code  Gb  data_init.o [8]
__iar_program_start      0x800'0a9d         Code  Gb  cstartup_M.o [8]
__low_level_init         0x800'0a73    0x4  Code  Gb  low_level_init.o [7]
__vector_table           0x800'0000         Data  Gb  startup_stm32f103x6.o [3]
_call_main               0x800'0a61         Code  Gb  cmain.o [8]
_exit                    0x800'0a7d         Code  Gb  cexit.o [8]
error_handler            0x800'08f1    0x4  Code  Lc  main.o [6]
exit                     0x800'0a77    0x4  Code  Gb  exit.o [7]
get_time_ms              0x800'0943    0x8  Code  Gb  systimer.o [1]
main                     0x800'084d   0x36  Code  Gb  main.o [6]
memset                   0x800'0975   0x14  Code  Gb  memset.o [8]
system_clock_init        0x800'0883   0x6e  Code  Lc  main.o [6]
systime_ms              0x2000'0000    0x8  Data  Lc  systimer.o [1]
systimer_init            0x800'0913   0x30  Code  Gb  systimer.o [1]
uwTick                  0x2000'0010    0x4  Data  Gb  stm32f1xx_hal.o [4]
uwTickFreq              0x2000'0014    0x1  Data  Gb  stm32f1xx_hal.o [4]
uwTickPrio              0x2000'0008    0x4  Data  Gb  stm32f1xx_hal.o [4]


[1] = D:\Projects\RCWheelBalancer\firmware\WheelBalancer\Debug\Obj\drivers
[2] = D:\Projects\RCWheelBalancer\firmware\WheelBalancer\Debug\Obj\drivers\CMSIS\device\STM32F1xx
[3] = D:\Projects\RCWheelBalancer\firmware\WheelBalancer\Debug\Obj\drivers\CMSIS\device\STM32F1xx\iar
[4] = D:\Projects\RCWheelBalancer\firmware\WheelBalancer\Debug\Obj\drivers\HAL
[5] = D:\Projects\RCWheelBalancer\firmware\WheelBalancer\Debug\Obj\drivers\HAL\legacy
[6] = D:\Projects\RCWheelBalancer\firmware\WheelBalancer\Debug\Obj\src
[7] = dl7M_tln.a
[8] = rt7M_tl.a
[9] = shb_l.a

  2'924 bytes of readonly  code memory
     78 bytes of readonly  data memory
  1'045 bytes of readwrite data memory

Errors: none
Warnings: none
